[scheduler] cycle start 2026-09-06T14:20:09Z
[crawl] city_council_minutes_agendas -> https://www.cheyennecity.org/Your-Government/City-Council/Minutes-and-Agendas
    unchanged doc #1
    unchanged doc #2
    [robots] disallowed: https://app-oc.readspeaker.com/cgi-bin/rsent?customerid=11555&lang=en_us&readid=main-content&url=https%3A%2F%2Fwww.cheyennecity.org%2FYour-Government%2FCity-Council%2FMinutes-and-Agendas
    [robots] disallowed: https://cheyenne.granicus.com/GeneratedAgendaViewer.php?view_id=5&event_id=1438
    [robots] disallowed: https://cheyenne.granicus.com/DocumentViewer.php?file=cheyenne_eb3d64eee18886d80e21ed084bcc3715.pdf&view=1
    [robots] disallowed: https://cheyenne.granicus.com/GeneratedAgendaViewer.php?view_id=5&event_id=1435
    [robots] disallowed: https://cheyenne.granicus.com/DocumentViewer.php?file=cheyenne_df60b5b34813f051a72fdf249eb3c53d.pdf&view=1
    [robots] disallowed: https://cheyenne.granicus.com/GeneratedAgendaViewer.php?view_id=5&event_id=1432
    [robots] disallowed: https://cheyenne.granicus.com/DocumentViewer.php?file=cheyenne_7a0a266e7cd603db023cc8c2c4f01b99.pdf&view=1
    [robots] disallowed: https://cheyenne.granicus.com/GeneratedAgendaViewer.php?view_id=5&event_id=1428
    [robots] disallowed: https://cheyenne.granicus.com/DocumentViewer.php?file=cheyenne_a2a5ad487c364707c841de815a455005.pdf&view=1
    [robots] disallowed: https://cheyenne.granicus.com/GeneratedAgendaViewer.php?view_id=5&event_id=1422
    [robots] disallowed: https://cheyenne.granicus.com/DocumentViewer.php?file=cheyenne_964bdd5707a3db4918c35f6e987ac155.pdf&view=1
    [robots] disallowed: https://cheyenne.granicus.com/GeneratedAgendaViewer.php?view_id=5&event_id=1419
    [robots] disallowed: https://cheyenne.granicus.com/DocumentViewer.php?file=cheyenne_beb65832560e014909f6980b11758c0e.pdf&view=1
    [robots] disallowed: https://cheyenne.granicus.com/GeneratedAgendaViewer.php?view_id=5&event_id=1415
    [robots] disallowed: https://cheyenne.granicus.com/DocumentViewer.php?file=cheyenne_b637d92a1037156e574e001679dfa832.pdf&view=1
    [robots] disallowed: https://cheyenne.granicus.com/GeneratedAgendaViewer.php?view_id=5&event_id=1411
    [robots] disallowed: https://cheyenne.granicus.com/DocumentViewer.php?file=cheyenne_1b5f3a311e32525a4736e29063de632c.pdf&view=1
    [robots] disallowed: https://cheyenne.granicus.com/GeneratedAgendaViewer.php?view_id=5&event_id=1408
    [robots] disallowed: https://cheyenne.granicus.com/DocumentViewer.php?file=cheyenne_9704cc4aa92e32f0d5447dc3320f0f69.pdf&view=1
    [robots] disallowed: https://cheyenne.granicus.com/GeneratedAgendaViewer.php?view_id=5&event_id=1405
    [robots] disallowed: https://cheyenne.granicus.com/DocumentViewer.php?file=cheyenne_fd70b64928d074289f87572144b5fc32.pdf&view=1
    [robots] disallowed: https://cheyenne.granicus.com/GeneratedAgendaViewer.php?view_id=5&event_id=1402
    [robots] disallowed: https://cheyenne.granicus.com/DocumentViewer.php?file=cheyenne_2a4f7beb51562d3ab866b5ecec40c5ab.pdf&view=1
    [robots] disallowed: https://cheyenne.granicus.com/GeneratedAgendaViewer.php?view_id=5&event_id=1398
    [robots] disallowed: https://cheyenne.granicus.com/DocumentViewer.php?file=cheyenne_2a5c2428a6390c52750d45788dfeb157.pdf&view=1
    [robots] disallowed: https://cheyenne.granicus.com/GeneratedAgendaViewer.php?view_id=5&clip_id=1081
    [robots] disallowed: https://cheyenne.granicus.com/DocumentViewer.php?file=cheyenne_6d6bf4467f6aa21faf274ff7b2c472c7.pdf&view=1
    [robots] disallowed: https://cheyenne.granicus.com/GeneratedAgendaViewer.php?view_id=5&clip_id=1075
    [robots] disallowed: https://cheyenne.granicus.com/DocumentViewer.php?file=cheyenne_50e069b76a5bf8790576c4695be72f30.pdf&view=1
    [robots] disallowed: https://cheyenne.granicus.com/GeneratedAgendaViewer.php?view_id=5&event_id=1395
    [robots] disallowed: https://cheyenne.granicus.com/DocumentViewer.php?file=cheyenne_f4be6c84a6d13794a1b1c5bc22657c05.pdf&view=1
    [robots] disallowed: https://cheyenne.granicus.com/GeneratedAgendaViewer.php?view_id=5&event_id=1394
    [robots] disallowed: https://cheyenne.granicus.com/DocumentViewer.php?file=cheyenne_aaa05ea7d2ef16f85a76ada06e153f18.pdf&view=1
    [robots] disallowed: https://cheyenne.granicus.com/GeneratedAgendaViewer.php?view_id=5&event_id=1393
    [robots] disallowed: https://cheyenne.granicus.com/DocumentViewer.php?file=cheyenne_cbcc2642ecf58b8d7d04ce5b289b4e5c.pdf&view=1
    [robots] disallowed: https://cheyenne.granicus.com/GeneratedAgendaViewer.php?view_id=5&event_id=1390
    [robots] disallowed: https://cheyenne.granicus.com/DocumentViewer.php?file=cheyenne_824f747db57219cd72b3b0d03ba116e3.pdf&view=1
    [robots] disallowed: https://cheyenne.granicus.com/GeneratedAgendaViewer.php?view_id=5&event_id=1389
    [robots] disallowed: https://cheyenne.granicus.com/DocumentViewer.php?file=cheyenne_495efb6bb2212bf42c3db2e3ae148a53.pdf&view=1
    [robots] disallowed: https://cheyenne.granicus.com/GeneratedAgendaViewer.php?view_id=5&event_id=1386
    [robots] disallowed: https://cheyenne.granicus.com/DocumentViewer.php?file=cheyenne_cd1d0a7b484f98415c5e9e0ed63b7363.pdf&view=1
    [robots] disallowed: https://cheyenne.granicus.com/GeneratedAgendaViewer.php?view_id=5&event_id=1382
    [robots] disallowed: https://cheyenne.granicus.com/DocumentViewer.php?file=cheyenne_18719967ab1f8d1bb9138ebe5e6cb35f.pdf&view=1
    [robots] disallowed: https://cheyenne.granicus.com/GeneratedAgendaViewer.php?view_id=5&event_id=1380
    [robots] disallowed: https://cheyenne.granicus.com/DocumentViewer.php?file=cheyenne_060e2929fade91588ea17052381285e7.pdf&view=1
    [robots] disallowed: https://cheyenne.granicus.com/GeneratedAgendaViewer.php?view_id=5&event_id=1376
    [robots] disallowed: https://cheyenne.granicus.com/DocumentViewer.php?file=cheyenne_ab6256901918b879b60e465947750bd4.pdf&view=1
    [robots] disallowed: https://cheyenne.granicus.com/GeneratedAgendaViewer.php?view_id=5&event_id=1372
    [robots] disallowed: https://cheyenne.granicus.com/DocumentViewer.php?file=cheyenne_d42e6f40054dd6ff2f88fb62ed35dd6f.pdf&view=1
    unchanged doc #3
    [robots] disallowed: https://cheyenne.granicus.com/DocumentViewer.php?file=cheyenne_6b5e936a83be7158fc1c39cf4e9a4c25.pdf&view=1
    [robots] disallowed: https://cheyenne.granicus.com/GeneratedAgendaViewer.php?view_id=5&event_id=1368
    [robots] disallowed: https://cheyenne.granicus.com/DocumentViewer.php?file=cheyenne_6d192437ebab2985804cdd28c4241567.pdf&view=1
    [robots] disallowed: https://cheyenne.granicus.com/GeneratedAgendaViewer.php?view_id=5&event_id=1365
    [robots] disallowed: https://cheyenne.granicus.com/DocumentViewer.php?file=cheyenne_5c4d290423aa64e1555e796509668ef0.pdf&view=1
    [robots] disallowed: https://cheyenne.granicus.com/GeneratedAgendaViewer.php?view_id=5&event_id=1361
    [robots] disallowed: https://cheyenne.granicus.com/DocumentViewer.php?file=cheyenne_fc8d4f597565bf5aaa78dd2bc22fc4ec.pdf&view=1
    [robots] disallowed: https://cheyenne.granicus.com/GeneratedAgendaViewer.php?view_id=5&event_id=1358
    [robots] disallowed: https://cheyenne.granicus.com/DocumentViewer.php?file=cheyenne_5402cb3edaf4c9dda00ab86b8a8c726b.pdf&view=1
    [robots] disallowed: https://cheyenne.granicus.com/GeneratedAgendaViewer.php?view_id=5&event_id=1355
    [robots] disallowed: https://cheyenne.granicus.com/DocumentViewer.php?file=cheyenne_5403b88cfa7aa35ead5c97b94a26f059.pdf&view=1
    [robots] disallowed: https://cheyenne.granicus.com/GeneratedAgendaViewer.php?view_id=5&event_id=1352
    [robots] disallowed: https://cheyenne.granicus.com/DocumentViewer.php?file=cheyenne_02caa2405b4e9ac7ff0710ac5521f508.pdf&view=1
    [robots] disallowed: https://cheyenne.granicus.com/GeneratedAgendaViewer.php?view_id=5&event_id=1351
    [robots] disallowed: https://cheyenne.granicus.com/DocumentViewer.php?file=cheyenne_861342d5af4f034a6cd26abc325a2fe8.pdf&view=1
    [robots] disallowed: https://cheyenne.granicus.com/GeneratedAgendaViewer.php?view_id=5&event_id=1346
    [robots] disallowed: https://cheyenne.granicus.com/DocumentViewer.php?file=cheyenne_9374a77ccfd218148a900e82d5dcb001.pdf&view=1
    [robots] disallowed: https://cheyenne.granicus.com/GeneratedAgendaViewer.php?view_id=5&event_id=1343
    [robots] disallowed: https://cheyenne.granicus.com/DocumentViewer.php?file=cheyenne_dde5bf6aa664187ddcc43ad75fd5e5e9.pdf&view=1
    [robots] disallowed: https://cheyenne.granicus.com/GeneratedAgendaViewer.php?view_id=5&event_id=1340
    [robots] disallowed: https://cheyenne.granicus.com/DocumentViewer.php?file=cheyenne_eee7904425405c5f0fc1649f75374988.pdf&view=1
    [robots] disallowed: https://cheyenne.granicus.com/GeneratedAgendaViewer.php?view_id=5&event_id=1337
    [robots] disallowed: https://cheyenne.granicus.com/DocumentViewer.php?file=cheyenne_6b34331c7eb6627291c3cdcfdee0ac7c.pdf&view=1
    [robots] disallowed: https://cheyenne.granicus.com/GeneratedAgendaViewer.php?view_id=5&event_id=1334
    [robots] disallowed: https://cheyenne.granicus.com/DocumentViewer.php?file=cheyenne_36453a0ea3cbe50001aaa4200806e2b7.pdf&view=1
    [robots] disallowed: https://cheyenne.granicus.com/GeneratedAgendaViewer.php?view_id=5&event_id=1331
    [robots] disallowed: https://cheyenne.granicus.com/DocumentViewer.php?file=cheyenne_acf89a13a020db4598235e6e01be7d7a.pdf&view=1
    [robots] disallowed: https://cheyenne.granicus.com/GeneratedAgendaViewer.php?view_id=5&event_id=1327
    [robots] disallowed: https://cheyenne.granicus.com/DocumentViewer.php?file=cheyenne_9173e378616ee346c651fb0e47117622.pdf&view=1
    [robots] disallowed: https://cheyenne.granicus.com/GeneratedAgendaViewer.php?view_id=5&event_id=1323
    [robots] disallowed: https://cheyenne.granicus.com/DocumentViewer.php?file=cheyenne_9ca11faa8012e7d91bd2c870fff3e1c0.pdf&view=1
    [robots] disallowed: https://cheyenne.granicus.com/GeneratedAgendaViewer.php?view_id=5&event_id=1320
    [robots] disallowed: https://cheyenne.granicus.com/DocumentViewer.php?file=cheyenne_5064d3ddbf76015eff720788447e1a67.pdf&view=1
    [robots] disallowed: https://cheyenne.granicus.com/GeneratedAgendaViewer.php?view_id=5&event_id=1317
    [robots] disallowed: https://cheyenne.granicus.com/DocumentViewer.php?file=cheyenne_aae6522649b854edfef3b9e5e6d6b9ec.pdf&view=1
    [robots] disallowed: https://cheyenne.granicus.com/GeneratedAgendaViewer.php?view_id=5&event_id=1314
    [robots] disallowed: https://cheyenne.granicus.com/DocumentViewer.php?file=cheyenne_c7592b7929aa4c4b806bb32a03da5103.pdf&view=1
    [robots] disallowed: https://cheyenne.granicus.com/GeneratedAgendaViewer.php?view_id=5&event_id=1311
    [robots] disallowed: https://cheyenne.granicus.com/DocumentViewer.php?file=cheyenne_c1e21ef3d763b348c765ca018ab73798.pdf&view=1
    [robots] disallowed: https://cheyenne.granicus.com/GeneratedAgendaViewer.php?view_id=5&event_id=1308
    [robots] disallowed: https://cheyenne.granicus.com/DocumentViewer.php?file=cheyenne_0e4dd5a0f04f0f096de41ca533bd0bee.pdf&view=1
    [robots] disallowed: https://cheyenne.granicus.com/GeneratedAgendaViewer.php?view_id=5&event_id=1307
    [robots] disallowed: https://cheyenne.granicus.com/DocumentViewer.php?file=cheyenne_ccca7029500ded7745e94ed294460cb3.pdf&view=1
    [robots] disallowed: https://cheyenne.granicus.com/GeneratedAgendaViewer.php?view_id=5&event_id=1304
    [robots] disallowed: https://cheyenne.granicus.com/DocumentViewer.php?file=cheyenne_b7dac43ca529a362abc80c98a4352f8c.pdf&view=1
    [robots] disallowed: https://cheyenne.granicus.com/GeneratedAgendaViewer.php?view_id=5&event_id=1301
    [robots] disallowed: https://cheyenne.granicus.com/DocumentViewer.php?file=cheyenne_57247bf1560ea6794fa0fbc21e2949db.pdf&view=1
    [robots] disallowed: https://cheyenne.granicus.com/GeneratedAgendaViewer.php?view_id=5&event_id=1298
    [robots] disallowed: https://cheyenne.granicus.com/DocumentViewer.php?file=cheyenne_fe183c77ba92dd20a643d1ee67b081dc.pdf&view=1
    [robots] disallowed: https://cheyenne.granicus.com/GeneratedAgendaViewer.php?view_id=5&event_id=1297
    [robots] disallowed: https://cheyenne.granicus.com/DocumentViewer.php?file=cheyenne_e6f25c9318212a91f9df9b3e8a8829e4.pdf&view=1
    [robots] disallowed: https://cheyenne.granicus.com/GeneratedAgendaViewer.php?view_id=5&event_id=1296
    [robots] disallowed: https://cheyenne.granicus.com/DocumentViewer.php?file=cheyenne_0e1332b0d5a97ead3367ea04b72455ca.pdf&view=1
    [robots] disallowed: https://cheyenne.granicus.com/GeneratedAgendaViewer.php?view_id=5&clip_id=989
    [robots] disallowed: https://cheyenne.granicus.com/DocumentViewer.php?file=cheyenne_36efd32372d9cc8588bd480310811b89.pdf&view=1
    [robots] disallowed: https://cheyenne.granicus.com/GeneratedAgendaViewer.php?view_id=5&clip_id=987
    [robots] disallowed: https://cheyenne.granicus.com/DocumentViewer.php?file=cheyenne_62b37600947679c09140f4998114b132.pdf&view=1
    [robots] disallowed: https://cheyenne.granicus.com/GeneratedAgendaViewer.php?view_id=5&event_id=1286
    [robots] disallowed: https://cheyenne.granicus.com/DocumentViewer.php?file=cheyenne_10f7001471259c726761dfc4ab89fe00.pdf&view=1
    [robots] disallowed: https://cheyenne.granicus.com/GeneratedAgendaViewer.php?view_id=5&event_id=1282
    [robots] disallowed: https://cheyenne.granicus.com/DocumentViewer.php?file=cheyenne_b96d2d5ef33dd5000d6637b9d618cc2d.pdf&view=1
    [robots] disallowed: https://cheyenne.granicus.com/GeneratedAgendaViewer.php?view_id=5&clip_id=981
    [robots] disallowed: https://cheyenne.granicus.com/DocumentViewer.php?file=cheyenne_a7628c62b5e21d481fcb88191c07d536.pdf&view=1
    [robots] disallowed: https://cheyenne.granicus.com/GeneratedAgendaViewer.php?view_id=5&event_id=1275
    [robots] disallowed: https://cheyenne.granicus.com/DocumentViewer.php?file=cheyenne_432686e3b45d65cc11043f8355f1df6d.pdf&view=1
    [robots] disallowed: https://cheyenne.granicus.com/GeneratedAgendaViewer.php?view_id=5&event_id=1272
    [robots] disallowed: https://cheyenne.granicus.com/DocumentViewer.php?file=cheyenne_c7495ce70f72a68b6d138b01a1feac39.pdf&view=1
    [robots] disallowed: https://cheyenne.granicus.com/GeneratedAgendaViewer.php?view_id=5&event_id=1269
    [robots] disallowed: https://cheyenne.granicus.com/DocumentViewer.php?file=cheyenne_8c0e23f6b819d5efee66b46e64d36f80.pdf&view=1
    [robots] disallowed: https://cheyenne.granicus.com/GeneratedAgendaViewer.php?view_id=5&event_id=1256
    [robots] disallowed: https://cheyenne.granicus.com/DocumentViewer.php?file=cheyenne_2dde8129e50039c41f04b0038c6f2407.pdf&view=1
    [robots] disallowed: https://cheyenne.granicus.com/GeneratedAgendaViewer.php?view_id=5&event_id=1255
    [robots] disallowed: https://cheyenne.granicus.com/DocumentViewer.php?file=cheyenne_377afa0bcb371b02a141e90cab9ca8fe.pdf&view=1
    [robots] disallowed: https://cheyenne.granicus.com/GeneratedAgendaViewer.php?view_id=5&event_id=1264
    [robots] disallowed: https://cheyenne.granicus.com/DocumentViewer.php?file=cheyenne_2ee9c743f5aef00a0da8a62bb8305c19.pdf&view=1
    [robots] disallowed: https://cheyenne.granicus.com/GeneratedAgendaViewer.php?view_id=5&event_id=1254
    [robots] disallowed: https://cheyenne.granicus.com/DocumentViewer.php?file=cheyenne_fb8e37c48cb66029844c7f5d2b772897.pdf&view=1
    [robots] disallowed: https://cheyenne.granicus.com/GeneratedAgendaViewer.php?view_id=5&clip_id=964
    [robots] disallowed: https://cheyenne.granicus.com/DocumentViewer.php?file=cheyenne_30262bd52ec64e0bcded41bc0ba0364d.pdf&view=1
    [robots] disallowed: https://cheyenne.granicus.com/GeneratedAgendaViewer.php?view_id=5&event_id=1252
    [robots] disallowed: https://cheyenne.granicus.com/DocumentViewer.php?file=cheyenne_94fb2093121a249a5fc8a81403337775.pdf&view=1
    [robots] disallowed: https://cheyenne.granicus.com/GeneratedAgendaViewer.php?view_id=5&event_id=1249
    [robots] disallowed: https://cheyenne.granicus.com/DocumentViewer.php?file=cheyenne_fef458061aa68c0af85c2295fee6d233.pdf&view=1
    [robots] disallowed: https://cheyenne.granicus.com/GeneratedAgendaViewer.php?view_id=5&event_id=1245
    [robots] disallowed: https://cheyenne.granicus.com/DocumentViewer.php?file=cheyenne_3efcc97c407655db08104ed15472f46e.pdf&view=1
    [robots] disallowed: https://cheyenne.granicus.com/GeneratedAgendaViewer.php?view_id=5&event_id=1241
    [robots] disallowed: https://cheyenne.granicus.com/DocumentViewer.php?file=cheyenne_fc37164b42db33b8d38050531b81607f.pdf&view=1
    [robots] disallowed: https://cheyenne.granicus.com/GeneratedAgendaViewer.php?view_id=5&event_id=1238
    [robots] disallowed: https://cheyenne.granicus.com/MinutesViewer.php?clip_id=949&doc_id=ff687a70-0345-11ef-b231-0050569183fa
    [robots] disallowed: https://cheyenne.granicus.com/GeneratedAgendaViewer.php?view_id=5&event_id=1235
    [robots] disallowed: https://cheyenne.granicus.com/MinutesViewer.php?clip_id=947&doc_id=dd5ecaf5-f828-11ee-b231-0050569183fa
    [robots] disallowed: https://cheyenne.granicus.com/GeneratedAgendaViewer.php?view_id=5&event_id=1232
    [robots] disallowed: https://cheyenne.granicus.com/MinutesViewer.php?clip_id=945&doc_id=576c8cf9-ed46-11ee-98bb-0050569183fa
    [robots] disallowed: https://cheyenne.granicus.com/GeneratedAgendaViewer.php?view_id=5&event_id=1229
    [robots] disallowed: https://cheyenne.granicus.com/DocumentViewer.php?file=cheyenne_c2dfe42aa0eb41e5f553bafcd8751202.pdf&view=1
    [robots] disallowed: https://cheyenne.granicus.com/GeneratedAgendaViewer.php?view_id=5&event_id=1226
    [robots] disallowed: https://cheyenne.granicus.com/DocumentViewer.php?file=cheyenne_2e0f62ff718ec68d6e01df4bbe28f6fd.pdf&view=1
    [robots] disallowed: https://cheyenne.granicus.com/GeneratedAgendaViewer.php?view_id=5&event_id=1223
    [robots] disallowed: https://cheyenne.granicus.com/DocumentViewer.php?file=cheyenne_909c58a2fb6d8750819e5f68da40a152.pdf&view=1
    [robots] disallowed: https://cheyenne.granicus.com/GeneratedAgendaViewer.php?view_id=5&event_id=1220
    [robots] disallowed: https://cheyenne.granicus.com/DocumentViewer.php?file=cheyenne_b4f5bbddcd7554a36c09390a32fc64ad.pdf&view=1
    [robots] disallowed: https://cheyenne.granicus.com/GeneratedAgendaViewer.php?view_id=5&event_id=1217
    [robots] disallowed: https://cheyenne.granicus.com/DocumentViewer.php?file=cheyenne_4bba96beab5aa65f6bb40ce37252f343.pdf&view=1
    [robots] disallowed: https://cheyenne.granicus.com/GeneratedAgendaViewer.php?view_id=5&event_id=1214
    [robots] disallowed: https://cheyenne.granicus.com/DocumentViewer.php?file=cheyenne_396dcbda9649038beafc458a39b64751.pdf&view=1
    [robots] disallowed: https://cheyenne.granicus.com/GeneratedAgendaViewer.php?view_id=5&event_id=1211
    [robots] disallowed: https://cheyenne.granicus.com/DocumentViewer.php?file=cheyenne_32bb39da982beb05bb653ef5788a6312.pdf&view=1
    [robots] disallowed: https://cheyenne.granicus.com/GeneratedAgendaViewer.php?view_id=5&clip_id=930
    [robots] disallowed: https://cheyenne.granicus.com/DocumentViewer.php?file=cheyenne_6a7abf1e843aee93f01b33081a00cbde.pdf&view=1
    [robots] disallowed: https://cheyenne.granicus.com/GeneratedAgendaViewer.php?view_id=5&event_id=1204
    [robots] disallowed: https://cheyenne.granicus.com/DocumentViewer.php?file=cheyenne_6804e16148cb3cb52b13a6cb70cc9f26.pdf&view=1
    [robots] disallowed: https://cheyenne.granicus.com/GeneratedAgendaViewer.php?view_id=5&clip_id=926
    unchanged doc #4
    [robots] disallowed: https://cheyenne.granicus.com/GeneratedAgendaViewer.php?view_id=5&event_id=1195
    unchanged doc #5
    [robots] disallowed: https://cheyenne.granicus.com/GeneratedAgendaViewer.php?view_id=5&clip_id=923
    unchanged doc #6
    [robots] disallowed: https://cheyenne.granicus.com/GeneratedAgendaViewer.php?view_id=5&event_id=1189
    NEW doc #15: Minutes
    [robots] disallowed: https://cheyenne.granicus.com/GeneratedAgendaViewer.php?view_id=5&event_id=1186
    NEW doc #16: Minutes
    [robots] disallowed: https://cheyenne.granicus.com/GeneratedAgendaViewer.php?view_id=5&event_id=1183
    NEW doc #17: Minutes
    [robots] disallowed: https://cheyenne.granicus.com/GeneratedAgendaViewer.php?view_id=5&event_id=1180
    NEW doc #18: Minutes
    [robots] disallowed: https://cheyenne.granicus.com/GeneratedAgendaViewer.php?view_id=5&event_id=1177
    NEW doc #19: Minutes
    [robots] disallowed: https://cheyenne.granicus.com/GeneratedAgendaViewer.php?view_id=5&event_id=1174
    NEW doc #20: Minutes
    [robots] disallowed: https://cheyenne.granicus.com/GeneratedAgendaViewer.php?view_id=5&event_id=1169
    NEW doc #21: Minutes
    [robots] disallowed: https://cheyenne.granicus.com/GeneratedAgendaViewer.php?view_id=5&event_id=1164
