== 17:49:11 crawl 2026 gap (Jan 12 – Apr 12)
== 18:07:03 ocr
== 18:07:28 crawl 2026 gap (Jan 12 – Apr 12)
== 18:21:53 ocr
152 scanned docs to OCR
== 18:24:05 crawl 2026 gap (Jan 12 – Apr 12)
13 meetings in range
  2026-03-23_1087 Special City Council Meeting items: 5
  2026-03-23_1086 City Council items: 39
  2026-03-17_1081 Special City Council Meeting items: 5
  2026-03-16_1075 Special City Council Meeting items: 5
  2026-03-12_1073 Special City Council Meeting items: 5
  2026-03-09_1071 City Council Meeting items: 36
  2026-03-05_1069 Special City Council Meeting items: 5
  2026-02-23_1063 Special City Council Meeting items: 4
  2026-02-23_1066 City Council Meeting items: 37
  2026-02-09_1060 City Council Meeting items: 44
  pdf_pages capped/failed rc=1 145752.pdf: lost sys.stderr
  2026-01-26_1053 City Council Meeting items: 38
  2026-01-23_1052 Special City Council Meeting items: 5
  pdf_pages capped/failed rc=1 145522.pdf: lost sys.stderr
  2026-01-12_1050 City Council Meeting items: 40
done
== 18:28:45 ocr
162 scanned docs to OCR
  doc105: OCR fail ONNXRuntime inferece failed.
  doc107: OCR fail ONNXRuntime inferece failed.
  doc120: OCR fail ONNXRuntime inferece failed.
  doc124: OCR fail ONNXRuntime inferece failed.
  doc161: OCR fail ONNXRuntime inferece failed.
  doc163: OCR fail ONNXRuntime inferece failed.
  doc168: OCR fail ONNXRuntime inferece failed.
  doc183: OCR fail ONNXRuntime inferece failed.
  doc244: OCR fail ONNXRuntime inferece failed.
  doc247: OCR fail ONNXRuntime inferece failed.
  doc258: OCR fail ONNXRuntime inferece failed.
  doc260: OCR fail ONNXRuntime inferece failed.
  doc267: OCR fail ONNXRuntime inferece failed.
  doc294: OCR fail ONNXRuntime inferece failed.
  doc325: OCR fail ONNXRuntime inferece failed.
  doc347: OCR fail ONNXRuntime inferece failed.
  doc348: OCR fail ONNXRuntime inferece failed.
  doc349: OCR fail ONNXRuntime inferece failed.
  doc350: OCR fail ONNXRuntime inferece failed.
  doc372: OCR fail ONNXRuntime inferece failed.
  doc375: OCR fail ONNXRuntime inferece failed.
  doc384: OCR fail ONNXRuntime inferece failed.
  doc402: OCR fail ONNXRuntime inferece failed.
  doc406: OCR fail ONNXRuntime inferece failed.
  doc409: OCR fail ONNXRuntime inferece failed.
  doc410: OCR fail ONNXRuntime inferece failed.
  doc411: OCR fail ONNXRuntime inferece failed.
  doc421: OCR fail ONNXRuntime inferece failed.
  doc443: OCR fail ONNXRuntime inferece failed.
  doc451: OCR fail ONNXRuntime inferece failed.
  doc453: OCR fail ONNXRuntime inferece failed.
  doc461: OCR fail ONNXRuntime inferece failed.
  doc480: OCR fail ONNXRuntime inferece failed.
  doc481: OCR fail ONNXRuntime inferece failed.
  doc525: OCR fail ONNXRuntime inferece failed.
  doc545: OCR fail ONNXRuntime inferece failed.
  doc550: OCR fail ONNXRuntime inferece failed.
  doc551: OCR fail ONNXRuntime inferece failed.
  doc564: OCR fail ONNXRuntime inferece failed.
  doc624: OCR fail ONNXRuntime inferece failed.
  doc630: OCR fail ONNXRuntime inferece failed.
  doc638: OCR fail Unable to allocate 30.9 MiB for an array with shape (2112, 1280, 3) and data type float32
  doc642: OCR fail Unable to allocate 23.9 MiB for an array with shape (1632, 1280, 3) and data type float32
  doc660: OCR fail Unable to allocate 24.4 MiB for an array with shape (1664, 1280, 3) and data type float32
  doc671: OCR fail Unable to allocate 24.4 MiB for an array with shape (1664, 1280, 3) and data type float32
  doc683: OCR fail Unable to allocate 30.9 MiB for an array with shape (2112, 1280, 3) and data type float32
  doc686: OCR fail Unable to allocate 23.9 MiB for an array with shape (1632, 1280, 3) and data type float32
  doc703: OCR fail Unable to allocate 24.4 MiB for an array with shape (1664, 1280, 3) and data type float32
  doc731: OCR fail Unable to allocate 30.9 MiB for an array with shape (2112, 1280, 3) and data type float32
  doc732: OCR fail Unable to allocate 24.4 MiB for an array with shape (1664, 1280, 3) and data type float32
  doc733: OCR fail Unable to allocate 24.4 MiB for an array with shape (1664, 1280, 3) and data type float32
  doc739: OCR fail Unable to allocate 30.9 MiB for an array with shape (2112, 1280, 3) and data type float32
  doc762: OCR fail Unable to allocate 24.4 MiB for an array with shape (1664, 1280, 3) and data type float32
  doc775: OCR fail Unable to allocate 24.4 MiB for an array with shape (1664, 1280, 3) and data type float32
  doc776: OCR fail Unable to allocate 24.4 MiB for an array with shape (1664, 1280, 3) and data type float32
  doc779: OCR fail Unable to allocate 25.1 MiB for an array with shape (1760, 1248, 3) and data type float32
  doc780: OCR fail Unable to allocate 25.1 MiB for an array with shape (1760, 1248, 3) and data type float32
  doc807: OCR fail Unable to allocate 24.4 MiB for an array with shape (1664, 1280, 3) and data type float32
  doc808: OCR fail Unable to allocate 24.4 MiB for an array with shape (1664, 1280, 3) and data type float32
  doc810: OCR fail Unable to allocate 25.1 MiB for an array with shape (1760, 1248, 3) and data type float32
  doc811: OCR fail Unable to allocate 25.1 MiB for an array with shape (1760, 1248, 3) and data type float32
  doc812: OCR fail Unable to allocate 25.1 MiB for an array with shape (1760, 1248, 3) and data type float32
  doc821: OCR fail 
  doc825: OCR fail 
  doc863: OCR fail 
  doc865: OCR fail 
  doc868: OCR fail 
  doc883: OCR fail 
  doc890: OCR fail 
  doc891: OCR fail 
  doc892: OCR fail 
  doc896: OCR fail 
  doc899: OCR fail 
  doc911: OCR fail 
  doc912: OCR fail 
  doc916: OCR fail ONNXRuntime inferece failed.
  doc920: OCR fail ONNXRuntime inferece failed.
  doc922: OCR fail ONNXRuntime inferece failed.
  doc924: OCR fail ONNXRuntime inferece failed.
  doc931: OCR fail ONNXRuntime inferece failed.
  doc932: OCR fail ONNXRuntime inferece failed.
  doc935: OCR fail ONNXRuntime inferece failed.
  doc936: OCR fail ONNXRuntime inferece failed.
  doc960: OCR fail ONNXRuntime inferece failed.
  doc962: OCR fail ONNXRuntime inferece failed.
  doc964: OCR fail ONNXRuntime inferece failed.
  doc973: OCR fail ONNXRuntime inferece failed.
  doc1005: OCR fail Unable to allocate 23.8 MiB for an array with shape (1664, 1248, 3) and data type float32
  doc1014: OCR fail Unable to allocate 23.9 MiB for an array with shape (1632, 1280, 3) and data type float32
  doc1017: OCR fail Unable to allocate 24.4 MiB for an array with shape (1664, 1280, 3) and data type float32
  doc1038: OCR fail Unable to allocate 24.4 MiB for an array with shape (1664, 1280, 3) and data type float32
  doc1040: OCR fail Unable to allocate 24.4 MiB for an array with shape (1664, 1280, 3) and data type float32
  doc1041: OCR fail Unable to allocate 25.1 MiB for an array with shape (1760, 1248, 3) and data type float32
  doc1054: OCR fail Unable to allocate 23.9 MiB for an array with shape (1632, 1280, 3) and data type float32
  doc1056: OCR fail Unable to allocate 24.4 MiB for an array with shape (1664, 1280, 3) and data type float32
  doc1074: OCR fail Unable to allocate 24.4 MiB for an array with shape (1664, 1280, 3) and data type float32
  doc1081: OCR fail Unable to allocate 24.4 MiB for an array with shape (1664, 1280, 3) and data type float32
  doc1088: OCR fail Unable to allocate 24.4 MiB for an array with shape (1664, 1280, 3) and data type float32
  doc1090: OCR fail Unable to allocate 24.4 MiB for an array with shape (1664, 1280, 3) and data type float32
  doc1102: OCR fail Unable to allocate 30.9 MiB for an array with shape (2112, 1280, 3) and data type float32
  doc1106: OCR fail Unable to allocate 30.9 MiB for an array with shape (2112, 1280, 3) and data type float32
  doc1127: OCR fail Unable to allocate 24.4 MiB for an array with shape (1664, 1280, 3) and data type float32
  doc1131: OCR fail Unable to allocate 24.4 MiB for an array with shape (1664, 1280, 3) and data type float32
  doc1136: OCR fail Unable to allocate 24.4 MiB for an array with shape (1664, 1280, 3) and data type float32
  doc1140: OCR fail Unable to allocate 24.4 MiB for an array with shape (1664, 1280, 3) and data type float32
  doc1145: OCR fail Unable to allocate 30.9 MiB for an array with shape (2112, 1280, 3) and data type float32
  doc1146: OCR fail Unable to allocate 24.4 MiB for an array with shape (1664, 1280, 3) and data type float32
  doc1154: OCR fail Unable to allocate 7.73 MiB for an array with shape (2112, 1280, 3) and data type uint8
  doc1155: OCR fail Unable to allocate 24.4 MiB for an array with shape (1664, 1280, 3) and data type float32
  doc1174: OCR fail Unable to allocate 24.4 MiB for an array with shape (1664, 1280, 3) and data type float32
  doc1177: OCR fail Unable to allocate 24.4 MiB for an array with shape (1664, 1280, 3) and data type float32
  doc1184: OCR fail Unable to allocate 24.4 MiB for an array with shape (1664, 1280, 3) and data type float32
  doc1185: OCR fail Unable to allocate 24.4 MiB for an array with shape (1664, 1280, 3) and data type float32
  doc1189: OCR fail Unable to allocate 24.4 MiB for an array with shape (1664, 1280, 3) and data type float32
  doc1192: OCR fail Unable to allocate 6.09 MiB for an array with shape (1664, 1280, 3) and data type uint8
  doc1204: OCR fail Unable to allocate 6.09 MiB for an array with shape (1664, 1280, 3) and data type uint8== 18:29:30 extract
facts: 16078
  year_mismatch          8918
== 18:33:04 rag build (civic + whole repo)
existing chunks 0
  embedded 640 new chunks  18.9/s
  embedded 1280 new chunks  19.8/s
  embedded 1920 new chunks  19.9/s
